// Vitest Snapshot v1, https://vitest.dev/guide/snapshot.html

exports[`App componenent > should create snapshot for the correct title 1`] = `
<div>
  <h1
    aria-label="Welcome to app World Countries"
    class="sc-bRKDuR kiXkck"
    tabindex="0"
  >
    World Countries
  </h1>
  <main>
    <ul
      aria-label="Lista regiona"
      class="sc-kcLKEh dWAbVa"
    >
      <li
        class="sc-dntSTA"
      >
        <section
          aria-label="Izaberi region europe"
          class="sc-kvnevz gofgqO"
          tabindex="0"
        >
          <h2
            class="sc-jaXbil cZrVBP"
            tabindex="-1"
          >
            europe
          </h2>
        </section>
      </li>
      <li
        class="sc-dntSTA"
      >
        <section
          aria-label="Izaberi region america"
          class="sc-kvnevz hqPptu"
          tabindex="0"
        >
          <h2
            class="sc-jaXbil cZrVBP"
            tabindex="-1"
          >
            america
          </h2>
        </section>
      </li>
      <li
        class="sc-dntSTA"
      >
        <section
          aria-label="Izaberi region africa"
          class="sc-kvnevz iJckOE"
          tabindex="0"
        >
          <h2
            class="sc-jaXbil cZrVBP"
            tabindex="-1"
          >
            africa
          </h2>
        </section>
      </li>
      <li
        class="sc-dntSTA"
      >
        <section
          aria-label="Izaberi region asia"
          class="sc-kvnevz ioXhQC"
          tabindex="0"
        >
          <h2
            class="sc-jaXbil cZrVBP"
            tabindex="-1"
          >
            asia
          </h2>
        </section>
      </li>
      <li
        class="sc-dntSTA"
      >
        <section
          aria-label="Izaberi region oceania"
          class="sc-kvnevz ePsjrn"
          tabindex="0"
        >
          <h2
            class="sc-jaXbil cZrVBP"
            tabindex="-1"
          >
            oceania
          </h2>
        </section>
      </li>
    </ul>
  </main>
</div>
`;
